.title "Search for Game" 
.category Cataloging
.column bibid hidden
.column callno sort=callno title="Call Num."
.column title sort=title func=biblio_link title="Title"
.column author sort=author title="Author"
.column publisher title=Publisher sort=publisher
.column minPlayer 
.column maxPlayer
.column minAge
.column maxAge
.column time 
.column collection sort=material title="Collection"
.parameters
.	string number title="Number"	
.	string age title="Age"	
.	string time title="max. Time"	
.	select collection title="Collection"
.		item ""
.		sql
			select coll.code as value, coll.description as title from collection_dm coll order by title 
.		end sql
.	end select
.	order_by
.		item title title="Title"
.		item minPlayer
.		item maxPlayer
.		item minAge
.		item maxAge
.		item time
.	end order_by
.end parameters
.sql
	SELECT bibid, callno, title, author, collection, publisher, minPlayer, maxPlayer, minAge, maxAge, time
	FROM
	        (SELECT b.bibid bibid, concat_ws(' ', b.call_nmbr1, b.call_nmbr2, b.call_nmbr3) callno, b.title title, b.author author, coll.description collection,
	        (SELECT bf.field_data FROM biblio_field bf WHERE b.bibid=bf.bibid AND bf.tag=260 AND bf.subfield_cd="b") publisher,
                (SELECT bf.field_data FROM biblio_field bf WHERE b.bibid=bf.bibid AND bf.tag=901 AND bf.subfield_cd="a") minPlayer,
                (SELECT bf.field_data FROM biblio_field bf WHERE b.bibid=bf.bibid AND bf.tag=901 AND bf.subfield_cd="b") maxPlayer,
                (SELECT bf.field_data FROM biblio_field bf WHERE b.bibid=bf.bibid AND bf.tag=901 AND bf.subfield_cd="c") minAge,
                (SELECT bf.field_data FROM biblio_field bf WHERE b.bibid=bf.bibid AND bf.tag=901 AND bf.subfield_cd="d") maxAge,
	        (SELECT bf.field_data FROM biblio_field bf WHERE b.bibid=bf.bibid AND bf.tag=901 AND bf.subfield_cd="e") time
	        FROM (biblio b inner join collection_dm coll ON b.collection_cd=coll.code)
.       if_not_equal collection ""
                WHERE b.collection_cd = %collection%
.       end if_not_equal
		) as first
	WHERE 1=1
.	if_set time
	AND CAST(time as SIGNED)<=%time%
.       end if_set
.       if_set age
        AND (CAST(minAge as SIGNED)<=%age% OR minAge is Null) AND (CAST(maxAge as SIGNED)>=%age% OR maxAge is Null) AND (minAge is not null OR maxAge is not null)
.       end if_set
.       if_set number
        AND (CAST(minPlayer as SIGNED)<=%number%) AND (CAST(maxPlayer as SIGNED)>=%number% OR maxPlayer is Null)
.       end if_set
.       order_by_expr
.end sql
